Applied feature config:
- ZEEAPP_LETTERBOX_TOP_DIP=70.0
- ZEEAPP_LETTERBOX_BOTTOM_DIP=10.0
- ZEEAPP_LETTERBOX_LEFT_DIP=480.0
- ZEEAPP_UI_SCALE_PERCENT=175
- ZEEAPP_MAP_SCALE_PERCENT=130
- ZEEAPP_ENABLE_AD_BANNERS=0
- ZEEAPP_ENABLE_PROMO_BANNERS=0
- ZEEAPP_KEEPALIVE_ENABLED=1
- ZEEAPP_KEEPALIVE_MODE=fgs
- ZEEAPP_KEEPALIVE_RECEIVER_EXPORTED_DEBUG=0
I: Using Apktool 3.0.3 on base.apk with 8 threads
I: Smaling smali_classes10 folder into classes10.dex...
I: Smaling smali_classes12 folder into classes12.dex...
I: Smaling smali_classes13 folder into classes13.dex...
I: Smaling smali folder into classes.dex...
I: Smaling smali_classes2 folder into classes2.dex...
I: Smaling smali_classes11 folder into classes11.dex...
I: Smaling smali_classes14 folder into classes14.dex...
I: Building resources with aapt2...
I: Smaling smali_classes3 folder into classes3.dex...
I: Smaling smali_classes4 folder into classes4.dex...
I: Smaling smali_classes5 folder into classes5.dex...
I: Smaling smali_classes6 folder into classes6.dex...
I: Smaling smali_classes7 folder into classes7.dex...
I: Smaling smali_classes8 folder into classes8.dex...
I: Smaling smali_classes9 folder into classes9.dex...
I: Building apk file...
I: Importing assets...
I: Importing lib...
I: Importing unknown files...
I: Built apk into: /Users/admin/src/ynavi-zee/builds/zeekr.apk
APK built, aligned, and signed successfully: /Users/admin/src/ynavi-zee/builds/zeekr_signed.apk
Applied feature config:
- ZEEAPP_LETTERBOX_TOP_DIP=70.0
- ZEEAPP_LETTERBOX_BOTTOM_DIP=10.0
- ZEEAPP_LETTERBOX_LEFT_DIP=0.0
- ZEEAPP_UI_SCALE_PERCENT=175
- ZEEAPP_MAP_SCALE_PERCENT=130
- ZEEAPP_ENABLE_AD_BANNERS=0
- ZEEAPP_ENABLE_PROMO_BANNERS=0
- ZEEAPP_KEEPALIVE_ENABLED=1
- ZEEAPP_KEEPALIVE_MODE=fgs
- ZEEAPP_KEEPALIVE_RECEIVER_EXPORTED_DEBUG=0
I: Using Apktool 3.0.3 on base.apk with 8 threads
I: Smaling smali_classes10 folder into classes10.dex...
I: Smaling smali folder into classes.dex...
I: Smaling smali_classes13 folder into classes13.dex...
I: Smaling smali_classes11 folder into classes11.dex...
I: Smaling smali_classes2 folder into classes2.dex...
I: Smaling smali_classes12 folder into classes12.dex...
I: Smaling smali_classes14 folder into classes14.dex...
I: Building resources with aapt2...
I: Smaling smali_classes3 folder into classes3.dex...
I: Smaling smali_classes4 folder into classes4.dex...
I: Smaling smali_classes5 folder into classes5.dex...
I: Smaling smali_classes6 folder into classes6.dex...
I: Smaling smali_classes7 folder into classes7.dex...
I: Smaling smali_classes8 folder into classes8.dex...
I: Smaling smali_classes9 folder into classes9.dex...
